2026-04-21 11:26:53,045 - app - INFO - app.py:80 - === StroiDock приложение запущено ===
2026-04-21 11:26:53,228 - app - INFO - app.py:236 - База данных успешно инициализирована
2026-04-21 11:27:31,376 - app - WARNING - app.py:791 - 404 ошибка: http://127.0.0.1:5000/favicon.ico
2026-04-21 11:30:42,065 - app - INFO - app.py:80 - === StroiDock приложение запущено ===
2026-04-21 11:30:42,232 - app - INFO - app.py:236 - База данных успешно инициализирована
2026-04-21 11:30:44,438 - app - ERROR - app.py:875 - Exception on /login [GET]
Traceback (most recent call last):
  File "C:\Users\stani\AppData\Local\Python\pythoncore-3.14-64\Lib\site-packages\flask\app.py", line 1511, in wsgi_app
    response = self.full_dispatch_request()
  File "C:\Users\stani\AppData\Local\Python\pythoncore-3.14-64\Lib\site-packages\flask\app.py", line 919, in full_dispatch_request
    rv = self.handle_user_exception(e)
  File "C:\Users\stani\AppData\Local\Python\pythoncore-3.14-64\Lib\site-packages\flask\app.py", line 917, in full_dispatch_request
    rv = self.dispatch_request()
  File "C:\Users\stani\AppData\Local\Python\pythoncore-3.14-64\Lib\site-packages\flask\app.py", line 902, in dispatch_request
    return self.ensure_sync(self.view_functions[rule.endpoint])(**view_args)  # type: ignore[no-any-return]
           ~~~~~~~~~~~~~~~~~~~~~~~~~~~~~~~~~~~~~~~~~~~~~~~~~~~~^^^^^^^^^^^^^
  File "C:\Users\stani\OneDrive\Рабочий стол\ConstuctionDoc\app.py", line 129, in login
    return render_template('login.html')
  File "C:\Users\stani\AppData\Local\Python\pythoncore-3.14-64\Lib\site-packages\flask\templating.py", line 151, in render_template
    return _render(app, template, context)
  File "C:\Users\stani\AppData\Local\Python\pythoncore-3.14-64\Lib\site-packages\flask\templating.py", line 132, in _render
    rv = template.render(context)
  File "C:\Users\stani\AppData\Local\Python\pythoncore-3.14-64\Lib\site-packages\jinja2\environment.py", line 1295, in render
    self.environment.handle_exception()
    ~~~~~~~~~~~~~~~~~~~~~~~~~~~~~~~~~^^
  File "C:\Users\stani\AppData\Local\Python\pythoncore-3.14-64\Lib\site-packages\jinja2\environment.py", line 942, in handle_exception
    raise rewrite_traceback_stack(source=source)
  File "C:\Users\stani\OneDrive\Рабочий стол\ConstuctionDoc\templates\login.html", line 102, in top-level template code
    <input type="hidden" name="csrf_token" value="{{ csrf_token() if csrf_token else '' }}">
    ^^^^^^^^^^^^^
TypeError: 'str' object is not callable
2026-04-21 11:30:44,442 - app - ERROR - app.py:797 - 500 ошибка: 500 Internal Server Error: The server encountered an internal error and was unable to complete your request. Either the server is overloaded or there is an error in the application.
2026-04-21 11:30:55,866 - app - ERROR - app.py:875 - Exception on /login [GET]
Traceback (most recent call last):
  File "C:\Users\stani\AppData\Local\Python\pythoncore-3.14-64\Lib\site-packages\flask\app.py", line 1511, in wsgi_app
    response = self.full_dispatch_request()
  File "C:\Users\stani\AppData\Local\Python\pythoncore-3.14-64\Lib\site-packages\flask\app.py", line 919, in full_dispatch_request
    rv = self.handle_user_exception(e)
  File "C:\Users\stani\AppData\Local\Python\pythoncore-3.14-64\Lib\site-packages\flask\app.py", line 917, in full_dispatch_request
    rv = self.dispatch_request()
  File "C:\Users\stani\AppData\Local\Python\pythoncore-3.14-64\Lib\site-packages\flask\app.py", line 902, in dispatch_request
    return self.ensure_sync(self.view_functions[rule.endpoint])(**view_args)  # type: ignore[no-any-return]
           ~~~~~~~~~~~~~~~~~~~~~~~~~~~~~~~~~~~~~~~~~~~~~~~~~~~~^^^^^^^^^^^^^
  File "C:\Users\stani\OneDrive\Рабочий стол\ConstuctionDoc\app.py", line 129, in login
    return render_template('login.html')
  File "C:\Users\stani\AppData\Local\Python\pythoncore-3.14-64\Lib\site-packages\flask\templating.py", line 151, in render_template
    return _render(app, template, context)
  File "C:\Users\stani\AppData\Local\Python\pythoncore-3.14-64\Lib\site-packages\flask\templating.py", line 132, in _render
    rv = template.render(context)
  File "C:\Users\stani\AppData\Local\Python\pythoncore-3.14-64\Lib\site-packages\jinja2\environment.py", line 1295, in render
    self.environment.handle_exception()
    ~~~~~~~~~~~~~~~~~~~~~~~~~~~~~~~~~^^
  File "C:\Users\stani\AppData\Local\Python\pythoncore-3.14-64\Lib\site-packages\jinja2\environment.py", line 942, in handle_exception
    raise rewrite_traceback_stack(source=source)
  File "C:\Users\stani\OneDrive\Рабочий стол\ConstuctionDoc\templates\login.html", line 102, in top-level template code
    <input type="hidden" name="csrf_token" value="{{ csrf_token() if csrf_token else '' }}">
    ^^^^^^^^^^^^^
TypeError: 'str' object is not callable
2026-04-21 11:30:55,868 - app - ERROR - app.py:797 - 500 ошибка: 500 Internal Server Error: The server encountered an internal error and was unable to complete your request. Either the server is overloaded or there is an error in the application.
2026-04-21 11:30:57,985 - app - ERROR - app.py:875 - Exception on /login [GET]
Traceback (most recent call last):
  File "C:\Users\stani\AppData\Local\Python\pythoncore-3.14-64\Lib\site-packages\flask\app.py", line 1511, in wsgi_app
    response = self.full_dispatch_request()
  File "C:\Users\stani\AppData\Local\Python\pythoncore-3.14-64\Lib\site-packages\flask\app.py", line 919, in full_dispatch_request
    rv = self.handle_user_exception(e)
  File "C:\Users\stani\AppData\Local\Python\pythoncore-3.14-64\Lib\site-packages\flask\app.py", line 917, in full_dispatch_request
    rv = self.dispatch_request()
  File "C:\Users\stani\AppData\Local\Python\pythoncore-3.14-64\Lib\site-packages\flask\app.py", line 902, in dispatch_request
    return self.ensure_sync(self.view_functions[rule.endpoint])(**view_args)  # type: ignore[no-any-return]
           ~~~~~~~~~~~~~~~~~~~~~~~~~~~~~~~~~~~~~~~~~~~~~~~~~~~~^^^^^^^^^^^^^
  File "C:\Users\stani\OneDrive\Рабочий стол\ConstuctionDoc\app.py", line 129, in login
    return render_template('login.html')
  File "C:\Users\stani\AppData\Local\Python\pythoncore-3.14-64\Lib\site-packages\flask\templating.py", line 151, in render_template
    return _render(app, template, context)
  File "C:\Users\stani\AppData\Local\Python\pythoncore-3.14-64\Lib\site-packages\flask\templating.py", line 132, in _render
    rv = template.render(context)
  File "C:\Users\stani\AppData\Local\Python\pythoncore-3.14-64\Lib\site-packages\jinja2\environment.py", line 1295, in render
    self.environment.handle_exception()
    ~~~~~~~~~~~~~~~~~~~~~~~~~~~~~~~~~^^
  File "C:\Users\stani\AppData\Local\Python\pythoncore-3.14-64\Lib\site-packages\jinja2\environment.py", line 942, in handle_exception
    raise rewrite_traceback_stack(source=source)
  File "C:\Users\stani\OneDrive\Рабочий стол\ConstuctionDoc\templates\login.html", line 102, in top-level template code
    <input type="hidden" name="csrf_token" value="{{ csrf_token() if csrf_token else '' }}">
    ^^^^^^^^^^^^^
TypeError: 'str' object is not callable
2026-04-21 11:30:57,986 - app - ERROR - app.py:797 - 500 ошибка: 500 Internal Server Error: The server encountered an internal error and was unable to complete your request. Either the server is overloaded or there is an error in the application.
2026-04-21 11:31:01,098 - app - ERROR - app.py:875 - Exception on /login [GET]
Traceback (most recent call last):
  File "C:\Users\stani\AppData\Local\Python\pythoncore-3.14-64\Lib\site-packages\flask\app.py", line 1511, in wsgi_app
    response = self.full_dispatch_request()
  File "C:\Users\stani\AppData\Local\Python\pythoncore-3.14-64\Lib\site-packages\flask\app.py", line 919, in full_dispatch_request
    rv = self.handle_user_exception(e)
  File "C:\Users\stani\AppData\Local\Python\pythoncore-3.14-64\Lib\site-packages\flask\app.py", line 917, in full_dispatch_request
    rv = self.dispatch_request()
  File "C:\Users\stani\AppData\Local\Python\pythoncore-3.14-64\Lib\site-packages\flask\app.py", line 902, in dispatch_request
    return self.ensure_sync(self.view_functions[rule.endpoint])(**view_args)  # type: ignore[no-any-return]
           ~~~~~~~~~~~~~~~~~~~~~~~~~~~~~~~~~~~~~~~~~~~~~~~~~~~~^^^^^^^^^^^^^
  File "C:\Users\stani\OneDrive\Рабочий стол\ConstuctionDoc\app.py", line 129, in login
    return render_template('login.html')
  File "C:\Users\stani\AppData\Local\Python\pythoncore-3.14-64\Lib\site-packages\flask\templating.py", line 151, in render_template
    return _render(app, template, context)
  File "C:\Users\stani\AppData\Local\Python\pythoncore-3.14-64\Lib\site-packages\flask\templating.py", line 132, in _render
    rv = template.render(context)
  File "C:\Users\stani\AppData\Local\Python\pythoncore-3.14-64\Lib\site-packages\jinja2\environment.py", line 1295, in render
    self.environment.handle_exception()
    ~~~~~~~~~~~~~~~~~~~~~~~~~~~~~~~~~^^
  File "C:\Users\stani\AppData\Local\Python\pythoncore-3.14-64\Lib\site-packages\jinja2\environment.py", line 942, in handle_exception
    raise rewrite_traceback_stack(source=source)
  File "C:\Users\stani\OneDrive\Рабочий стол\ConstuctionDoc\templates\login.html", line 102, in top-level template code
    <input type="hidden" name="csrf_token" value="{{ csrf_token() if csrf_token else '' }}">
    ^^^^^^^^^^^^^
TypeError: 'str' object is not callable
2026-04-21 11:31:01,099 - app - ERROR - app.py:797 - 500 ошибка: 500 Internal Server Error: The server encountered an internal error and was unable to complete your request. Either the server is overloaded or there is an error in the application.
2026-04-21 11:31:05,448 - app - ERROR - app.py:875 - Exception on /login [GET]
Traceback (most recent call last):
  File "C:\Users\stani\AppData\Local\Python\pythoncore-3.14-64\Lib\site-packages\flask\app.py", line 1511, in wsgi_app
    response = self.full_dispatch_request()
  File "C:\Users\stani\AppData\Local\Python\pythoncore-3.14-64\Lib\site-packages\flask\app.py", line 919, in full_dispatch_request
    rv = self.handle_user_exception(e)
  File "C:\Users\stani\AppData\Local\Python\pythoncore-3.14-64\Lib\site-packages\flask\app.py", line 917, in full_dispatch_request
    rv = self.dispatch_request()
  File "C:\Users\stani\AppData\Local\Python\pythoncore-3.14-64\Lib\site-packages\flask\app.py", line 902, in dispatch_request
    return self.ensure_sync(self.view_functions[rule.endpoint])(**view_args)  # type: ignore[no-any-return]
           ~~~~~~~~~~~~~~~~~~~~~~~~~~~~~~~~~~~~~~~~~~~~~~~~~~~~^^^^^^^^^^^^^
  File "C:\Users\stani\OneDrive\Рабочий стол\ConstuctionDoc\app.py", line 129, in login
    return render_template('login.html')
  File "C:\Users\stani\AppData\Local\Python\pythoncore-3.14-64\Lib\site-packages\flask\templating.py", line 151, in render_template
    return _render(app, template, context)
  File "C:\Users\stani\AppData\Local\Python\pythoncore-3.14-64\Lib\site-packages\flask\templating.py", line 132, in _render
    rv = template.render(context)
  File "C:\Users\stani\AppData\Local\Python\pythoncore-3.14-64\Lib\site-packages\jinja2\environment.py", line 1295, in render
    self.environment.handle_exception()
    ~~~~~~~~~~~~~~~~~~~~~~~~~~~~~~~~~^^
  File "C:\Users\stani\AppData\Local\Python\pythoncore-3.14-64\Lib\site-packages\jinja2\environment.py", line 942, in handle_exception
    raise rewrite_traceback_stack(source=source)
  File "C:\Users\stani\OneDrive\Рабочий стол\ConstuctionDoc\templates\login.html", line 102, in top-level template code
    <input type="hidden" name="csrf_token" value="{{ csrf_token() if csrf_token else '' }}">
    ^^^^^^^^^^^^^
TypeError: 'str' object is not callable
2026-04-21 11:31:05,449 - app - ERROR - app.py:797 - 500 ошибка: 500 Internal Server Error: The server encountered an internal error and was unable to complete your request. Either the server is overloaded or there is an error in the application.
